// Jest Snapshot v1, https://goo.gl/fbAQLP

exports[`Weather component should render component with data array 1`] = `
<div
  className="MuiBox-root css-1mi3tt8"
>
  <h2
    className="css-us0qf1"
  >
    Where do you want to check weather?
  </h2>
  <form
    onSubmit={[Function]}
  >
    <div
      className="MuiBox-root css-fukaqj"
    >
      <div
        className="MuiFormControl-root MuiTextField-root css-1u3bzj6-MuiFormControl-root-MuiTextField-root"
      >
        <div
          className="MuiOutlinedInput-root MuiInputBase-root MuiInputBase-colorPrimary MuiInputBase-formControl css-9ddj71-MuiInputBase-root-MuiOutlinedInput-root"
          onClick={[Function]}
        >
          <input
            aria-invalid={false}
            autoComplete="off"
            autoFocus={false}
            className="MuiOutlinedInput-input MuiInputBase-input css-1t8l2tu-MuiInputBase-input-MuiOutlinedInput-input"
            disabled={false}
            id="searchField"
            name="searchField"
            onAnimationStart={[Function]}
            onBlur={[Function]}
            onChange={[Function]}
            onFocus={[Function]}
            placeholder="...maybe in Paris?"
            required={false}
            type="text"
            value=""
          />
          <fieldset
            aria-hidden={true}
            className="MuiOutlinedInput-notchedOutline css-1d3z3hw-MuiOutlinedInput-notchedOutline"
          >
            <legend
              className="css-nnbavb"
            >
              <span
                className="notranslate"
              >
                â€‹
              </span>
            </legend>
          </fieldset>
        </div>
      </div>
      <button
        className="MuiButton-root MuiButton-contained MuiButton-containedPrimary MuiButton-sizeMedium MuiButton-containedSizeMedium MuiButtonBase-root  css-lhxeoo-MuiButtonBase-root-MuiButton-root"
        disabled={false}
        onBlur={[Function]}
        onContextMenu={[Function]}
        onDragLeave={[Function]}
        onFocus={[Function]}
        onKeyDown={[Function]}
        onKeyUp={[Function]}
        onMouseDown={[Function]}
        onMouseLeave={[Function]}
        onMouseUp={[Function]}
        onTouchEnd={[Function]}
        onTouchMove={[Function]}
        onTouchStart={[Function]}
        tabIndex={0}
        type="submit"
      >
        Check weather
      </button>
    </div>
  </form>
  <span>
    Powered by 
    <a
      className="MuiTypography-root MuiTypography-inherit MuiLink-root MuiLink-underlineAlways css-1iwtne7-MuiTypography-root-MuiLink-root"
      href="https://www.weatherapi.com/"
      onBlur={[Function]}
      onFocus={[Function]}
    >
      WeatherAPI.com
    </a>
  </span>
</div>
`;
