// Jest Snapshot v1, https://goo.gl/fbAQLP

exports[`BarChart component Barchart snapshot 1`] = `
<div
  className="css-1469kb1"
>
  <canvas
    height={150}
    role="img"
    width={300}
  />
</div>
`;
