// Jest Snapshot v1, https://goo.gl/fbAQLP

exports[`WeatherGetData component WeatherGetData snapshot 1`] = `null`;
